// Jest Snapshot v1, https://goo.gl/fbAQLP

exports[`renders whole app correctly 1`] = `
<div
  className="layout"
>
  <ul
    className="MuiList-root wrapper MuiList-padding"
    onKeyDown={[Function]}
    role="menu"
    tabIndex={-1}
  >
    <li
      aria-disabled={false}
      className="MuiButtonBase-root MuiListItem-root MuiMenuItem-root menuItem Mui-selected MuiMenuItem-gutters MuiListItem-gutters MuiListItem-button Mui-selected"
      onBlur={[Function]}
      onDragLeave={[Function]}
      onFocus={[Function]}
      onKeyDown={[Function]}
      onKeyUp={[Function]}
      onMouseDown={[Function]}
      onMouseLeave={[Function]}
      onMouseUp={[Function]}
      onTouchEnd={[Function]}
      onTouchMove={[Function]}
      onTouchStart={[Function]}
      role="menuitem"
      tabIndex={0}
    >
      <a
        aria-current="page"
        className="link active"
        href="/give-consent"
        onClick={[Function]}
        style={Object {}}
      >
        Give consent
      </a>
      <span
        className="MuiTouchRipple-root"
      />
    </li>
    <li
      aria-disabled={false}
      className="MuiButtonBase-root MuiListItem-root MuiMenuItem-root menuItem MuiMenuItem-gutters MuiListItem-gutters MuiListItem-button"
      onBlur={[Function]}
      onDragLeave={[Function]}
      onFocus={[Function]}
      onKeyDown={[Function]}
      onKeyUp={[Function]}
      onMouseDown={[Function]}
      onMouseLeave={[Function]}
      onMouseUp={[Function]}
      onTouchEnd={[Function]}
      onTouchMove={[Function]}
      onTouchStart={[Function]}
      role="menuitem"
      tabIndex={-1}
    >
      <a
        aria-current={null}
        className="link"
        href="/consents"
        onClick={[Function]}
      >
        Collected consents
      </a>
      <span
        className="MuiTouchRipple-root"
      />
    </li>
  </ul>
  <div
    className="pageLayout"
  >
    <form
      autoComplete="off"
      className="consentForm"
      noValidate={true}
    >
      <div
        className="inputs"
      >
        <div
          className="MuiFormControl-root MuiTextField-root"
        >
          <label
            className="MuiFormLabel-root MuiInputLabel-root MuiInputLabel-formControl MuiInputLabel-animated MuiInputLabel-outlined"
            data-shrink={false}
          >
            Name
          </label>
          <div
            className="MuiInputBase-root MuiOutlinedInput-root MuiInputBase-formControl"
            onClick={[Function]}
          >
            <input
              aria-invalid={false}
              autoFocus={false}
              className="MuiInputBase-input MuiOutlinedInput-input"
              disabled={false}
              name="name"
              onAnimationStart={[Function]}
              onBlur={[Function]}
              onChange={[Function]}
              onFocus={[Function]}
              required={false}
              type="text"
            />
            <fieldset
              aria-hidden={true}
              className="PrivateNotchedOutline-root-1 MuiOutlinedInput-notchedOutline"
            >
              <legend
                className="PrivateNotchedOutline-legendLabelled-3"
              >
                <span>
                  Name
                </span>
              </legend>
            </fieldset>
          </div>
        </div>
        <div
          className="MuiFormControl-root MuiTextField-root"
        >
          <label
            className="MuiFormLabel-root MuiInputLabel-root MuiInputLabel-formControl MuiInputLabel-animated MuiInputLabel-outlined"
            data-shrink={false}
          >
            Email address
          </label>
          <div
            className="MuiInputBase-root MuiOutlinedInput-root MuiInputBase-formControl"
            onClick={[Function]}
          >
            <input
              aria-invalid={false}
              autoFocus={false}
              className="MuiInputBase-input MuiOutlinedInput-input"
              disabled={false}
              name="email"
              onAnimationStart={[Function]}
              onBlur={[Function]}
              onChange={[Function]}
              onFocus={[Function]}
              required={false}
              type="text"
            />
            <fieldset
              aria-hidden={true}
              className="PrivateNotchedOutline-root-1 MuiOutlinedInput-notchedOutline"
            >
              <legend
                className="PrivateNotchedOutline-legendLabelled-3"
              >
                <span>
                  Email address
                </span>
              </legend>
            </fieldset>
          </div>
        </div>
      </div>
      <p>
        I agree to:
      </p>
      <div
        className="MuiFormGroup-root consents"
      >
        <label
          className="MuiFormControlLabel-root"
        >
          <span
            aria-disabled={false}
            className="MuiButtonBase-root MuiIconButton-root PrivateSwitchBase-root-5 MuiCheckbox-root MuiCheckbox-colorPrimary MuiIconButton-colorPrimary"
            onBlur={[Function]}
            onDragLeave={[Function]}
            onFocus={[Function]}
            onKeyDown={[Function]}
            onKeyUp={[Function]}
            onMouseDown={[Function]}
            onMouseLeave={[Function]}
            onMouseUp={[Function]}
            onTouchEnd={[Function]}
            onTouchMove={[Function]}
            onTouchStart={[Function]}
            tabIndex={null}
          >
            <span
              className="MuiIconButton-label"
            >
              <input
                checked={false}
                className="PrivateSwitchBase-input-8"
                data-indeterminate={false}
                onChange={[Function]}
                type="checkbox"
              />
              <svg
                aria-hidden={true}
                className="MuiSvgIcon-root"
                focusable="false"
                viewBox="0 0 24 24"
              >
                <path
                  d="M19 5v14H5V5h14m0-2H5c-1.1 0-2 .9-2 2v14c0 1.1.9 2 2 2h14c1.1 0 2-.9 2-2V5c0-1.1-.9-2-2-2z"
                />
              </svg>
            </span>
            <span
              className="MuiTouchRipple-root"
            />
          </span>
          <span
            className="MuiTypography-root MuiFormControlLabel-label MuiTypography-body1"
          >
            Receive newsletter
          </span>
        </label>
        <label
          className="MuiFormControlLabel-root"
        >
          <span
            aria-disabled={false}
            className="MuiButtonBase-root MuiIconButton-root PrivateSwitchBase-root-5 MuiCheckbox-root MuiCheckbox-colorPrimary MuiIconButton-colorPrimary"
            onBlur={[Function]}
            onDragLeave={[Function]}
            onFocus={[Function]}
            onKeyDown={[Function]}
            onKeyUp={[Function]}
            onMouseDown={[Function]}
            onMouseLeave={[Function]}
            onMouseUp={[Function]}
            onTouchEnd={[Function]}
            onTouchMove={[Function]}
            onTouchStart={[Function]}
            tabIndex={null}
          >
            <span
              className="MuiIconButton-label"
            >
              <input
                checked={false}
                className="PrivateSwitchBase-input-8"
                data-indeterminate={false}
                onChange={[Function]}
                type="checkbox"
              />
              <svg
                aria-hidden={true}
                className="MuiSvgIcon-root"
                focusable="false"
                viewBox="0 0 24 24"
              >
                <path
                  d="M19 5v14H5V5h14m0-2H5c-1.1 0-2 .9-2 2v14c0 1.1.9 2 2 2h14c1.1 0 2-.9 2-2V5c0-1.1-.9-2-2-2z"
                />
              </svg>
            </span>
            <span
              className="MuiTouchRipple-root"
            />
          </span>
          <span
            className="MuiTypography-root MuiFormControlLabel-label MuiTypography-body1"
          >
            Be shown targeted ads
          </span>
        </label>
        <label
          className="MuiFormControlLabel-root"
        >
          <span
            aria-disabled={false}
            className="MuiButtonBase-root MuiIconButton-root PrivateSwitchBase-root-5 MuiCheckbox-root MuiCheckbox-colorPrimary MuiIconButton-colorPrimary"
            onBlur={[Function]}
            onDragLeave={[Function]}
            onFocus={[Function]}
            onKeyDown={[Function]}
            onKeyUp={[Function]}
            onMouseDown={[Function]}
            onMouseLeave={[Function]}
            onMouseUp={[Function]}
            onTouchEnd={[Function]}
            onTouchMove={[Function]}
            onTouchStart={[Function]}
            tabIndex={null}
          >
            <span
              className="MuiIconButton-label"
            >
              <input
                checked={false}
                className="PrivateSwitchBase-input-8"
                data-indeterminate={false}
                onChange={[Function]}
                type="checkbox"
              />
              <svg
                aria-hidden={true}
                className="MuiSvgIcon-root"
                focusable="false"
                viewBox="0 0 24 24"
              >
                <path
                  d="M19 5v14H5V5h14m0-2H5c-1.1 0-2 .9-2 2v14c0 1.1.9 2 2 2h14c1.1 0 2-.9 2-2V5c0-1.1-.9-2-2-2z"
                />
              </svg>
            </span>
            <span
              className="MuiTouchRipple-root"
            />
          </span>
          <span
            className="MuiTypography-root MuiFormControlLabel-label MuiTypography-body1"
          >
            Contribute to anonymous visit statistics
          </span>
        </label>
      </div>
      <button
        className="MuiButtonBase-root MuiButton-root MuiButton-contained submit MuiButton-containedPrimary Mui-disabled Mui-disabled"
        disabled={true}
        onBlur={[Function]}
        onClick={[Function]}
        onDragLeave={[Function]}
        onFocus={[Function]}
        onKeyDown={[Function]}
        onKeyUp={[Function]}
        onMouseDown={[Function]}
        onMouseLeave={[Function]}
        onMouseUp={[Function]}
        onTouchEnd={[Function]}
        onTouchMove={[Function]}
        onTouchStart={[Function]}
        tabIndex={-1}
        type="button"
      >
        <span
          className="MuiButton-label"
        >
          Give consent
        </span>
      </button>
    </form>
  </div>
</div>
`;
